ets Jul 29 2019 12:21:46
rst:0x1 (POWERON_RESET),boot:0x33 (SPI_FAST_FLASH_BOOT)
configsip: 0, SPIWP:0xee
clk_drv:0x00,q_drv:0x00,d_drv:0x00,cs0_drv:0x00,hd_drv:0x00,wp_drv:0x00
mode:DIO, clock div:2
load:0x3fff0030,len:6936
load:0x40078000,len:14336
load:0x40080400,len:3672
entry 0x40080678
I (27) boot: ESP-IDF v4.4-dev-4-g73db14240-dirty 2nd stage bootloader
I (27) boot: compile time 17:06:06
I (28) boot: chip revision: 3
I (32) boot_comm: chip revision: 3, min. bootloader chip revision: 0
I (39) boot.esp32: SPI Speed      : 40MHz
I (44) boot.esp32: SPI Mode       : DIO
I (48) boot.esp32: SPI Flash Size : 4MB
I (53) boot: Enabling RNG early entropy source...
I (58) boot: Partition Table:
I (62) boot: ## Label            Usage          Type ST Offset   Length
I (69) boot:  0 nvs              WiFi data        01 02 00009000 00006000
I (76) boot:  1 otadata          OTA data         01 00 0000f000 00002000
I (84) boot:  2 phy_init         RF data          01 01 00011000 00001000
I (91) boot:  3 ota_0            OTA app          00 10 00020000 00190000
I (99) boot:  4 ota_1            OTA app          00 11 001b0000 00190000
I (106) boot: End of partition table
I (111) boot_comm: chip revision: 3, min. application chip revision: 0
I (118) esp_image: segment 0: paddr=001b0020 vaddr=3f400020 size=33da4h (212388) map
I (201) esp_image: segment 1: paddr=001e3dcc vaddr=3ffbdb60 size=04e7ch ( 20092) load
I (209) esp_image: segment 2: paddr=001e8c50 vaddr=40080000 size=073c8h ( 29640) load
I (221) esp_image: segment 3: paddr=001f0020 vaddr=400d0020 size=e1730h (923440) map
I (547) esp_image: segment 4: paddr=002d1758 vaddr=400873c8 size=1168ch ( 71308) load
I (576) esp_image: segment 5: paddr=002e2dec vaddr=400c0000 size=00064h (   100) load
I (576) esp_image: segment 6: paddr=002e2e58 vaddr=50000000 size=00004h (     4) load
I (595) boot: Loaded app from partition at offset 0x1b0000
I (595) boot: Disabling RNG early entropy source...
I (607) cpu_start: Pro cpu up.
I (607) cpu_start: Starting app cpu, entry point is 0x40081490
I (0) cpu_start: App cpu up.
I (623) cpu_start: Pro cpu start user code
I (623) cpu_start: cpu freq: 160000000
I (623) cpu_start: Application information:
I (628) cpu_start: Project name:     OVRNode_WalkOVR
I (633) cpu_start: App version:      c465268-dirty
I (639) cpu_start: Compile time:     Mar 15 2021 13:19:22
I (645) cpu_start: ELF file SHA256:  9762b91ccbc03774...
I (651) cpu_start: ESP-IDF:          v4.4-dev-4-g73db14240-dirty
I (658) heap_init: Initializing. RAM available for dynamic allocation:
I (665) heap_init: At 3FFAFF10 len 000000F0 (0 KiB): DRAM
I (671) heap_init: At 3FFB6388 len 00001C78 (7 KiB): DRAM
I (677) heap_init: At 3FFB9A20 len 00004108 (16 KiB): DRAM
I (683) heap_init: At 3FFCA748 len 000158B8 (86 KiB): DRAM
I (689) heap_init: At 3FFE0440 len 00003AE0 (14 KiB): D/IRAM
I (696) heap_init: At 3FFE4350 len 0001BCB0 (111 KiB): D/IRAM
I (702) heap_init: At 40098A54 len 000075AC (29 KiB): IRAM
I (709) spi_flash: detected chip: generic
I (713) spi_flash: flash io: dio
I (718) cpu_start: Starting scheduler on PRO CPU.
I (0) cpu_start: Starting scheduler on APP CPU.
I (770) SYSTEM: SSid: Null, Password Null
I (770) SYSTEM: URL NULL
size of data 188
Hello world!
event is alive
event is init
I (780) gpio: GPIO[15]| InputEn: 1| OutputEn: 0| OpenDrain: 0| Pullup: 1| Pulldown: 0| Intr:3
event is alive
E (790) bno055: bno055_read_register(): failed
E (790) bno055: bno055_write_register(): failed
bno055_open() returned 0xFFFFFFFF
I (800) bno055: BNO055 detected
bno055_set_axis_map_config(REMAP_CONFIG_P3) returned 0x00
bno055_set_axis_map_sign(REMAP_SIGN_P3) returned 0x00
bno055_get_axis_config returned 0x00
map config: 0x21   | map sign: 0x02
bno055_set_opmode(OPERATION_MODE_NDOF) returned 0x00
bno055_get_axis_config returned 0x00
map config: 0x21   | map sign: 0x02
I (4720) lc709203: i2c_param_config() returned 0x00
I (4720) lc709203: LC709203 detected
W (4720) lc709203: Read Before Setup
I (4720) lc709203: cmd_ICpowerMode :0x0001 with 0
I (4730) lc709203: cmd_APA :0x000D with 0
I (4730) lc709203: cmd_changeOftheParameter :0x0001 with 0
I (4740) lc709203: cmd_RSOC :0x004D with 0
I (4740) lc709203: cmd_statusBit :0x0000 with 0
I (4750) lc709203: cmd_cellTemperature :0x0BC4 with 0
I (4760) lc709203: OP_MODE : 0
I (4760) lc709203: APA_300mAH : 0
I (4770) lc709203: BattProfile : 0
I (4770) lc709203: LC709203F_TEMPERATURE_I2C : 0
E (4780) lc709203: Read After Setup
I (4780) lc709203: cmd_ICpowerMode :0x0001 with 0
I (4780) lc709203: cmd_APA :0x000D with 0
I (4780) lc709203: cmd_changeOftheParameter :0x0001 with 0
I (4790) lc709203: cmd_RSOC :0x004D with 0
I (4790) lc709203: cmd_statusBit :0x0000 with 0
I (4800) lc709203: cmd_cellTemperature :0x0BC4 with 0
I (4800) LC: LC init  with 0
I (4910) ble interface: Initializing Bluetooth Driver
I (4910) BTDM_INIT: BT controller compile version [c85c59d]
I (4910) system_api: Base MAC address is not set
I (4910) system_api: read default base MAC address from EFUSE
I (4920) phy_init: phy_version 4660,0162888,Dec 23 2020
I (5340) GATT Server: Initializing Bluetooth Interface
I (5340) GATT Server: Bluetooth Interface initialized successfully
I (5340) ble interface: Bluetooth Driver Initialized
I (5350) GATT Server: create attribute table successfully, the number handle = 19
I (5360) GATT Server: create attribute table successfully, the number handle = 9
I (5370) GATT Server: create attribute table successfully, the number handle = 13
I (5370) ble gap: gap event handler: 0
I (5380) ble gap: gap event handler: 1
I (5380) GATT Server: SERVICE_START_EVT, status 0, service_handle 40
I (5390) GATT Server: SERVICE_START_EVT, status 0, service_handle 59
I (5400) GATT Server: SERVICE_START_EVT, status 0, service_handle 68
I (5400) ble gap: gap event handler: 6
I (5410) ble gap: advertising start successfully
I (10350) LC: Temp : 28 with
I (10350) LC: RSOC : 77 with
I (10350) LC: Voltage : 3.989000 with
I (10350) lc709203: BAT OVER 75
I (10350) LC: Temp BNO : 30 with & CHG 1
I (15350) LC: Temp : 28 with
I (15350) LC: RSOC : 77 with
I (15350) LC: Voltage : 3.983000 with
I (15350) lc709203: BAT OVER 75
I (15350) LC: Temp BNO : 30 with & CHG 1
I (20100) GATT Server: ESP_GATTS_CONNECT_EVT, conn_id = 0
I (20100) GATT Server: 30 e3 7a 7d 8b 46
I (20100) GATT Server: ESP_GATTS_MTU_EVT, MTU 517
I (20350) LC: Temp : 28 with
I (20350) LC: RSOC : 77 with
I (20350) LC: Voltage : 3.999000 with
I (20350) lc709203: BAT OVER 75
I (20350) LC: Temp BNO : 30 with & CHG 1
I (22110) ble gap: gap event handler: 20
I (22110) ble gap: update connection params status = 16, min_int = 16, max_int = 32,conn_int = 32,latency = 0, timeout = 400
I (22460) GATT Server: FTP READ
I (22540) GATT Server: FTP READ
I (22620) GATT Server: FTP READ
I (22690) GATT Server: FTP READ
I (22770) GATT Server: FTP READ
I (22890) GATT Server: FTP READ
I (22980) GATT Server: FTP READ
I (23100) GATT Server: FTP READ
I (23180) GATT Server: FTP READ
I (23260) GATT Server: FTP READ
I (23340) GATT Server: FTP READ
I (23420) GATT Server: FTP READ
I (23490) GATT Server: FTP WRITE 3
I (23500) ble ftpnoti: notify enable
I (23500) BLE: notify euler
I (23500) BLE: notify event enable
I (23580) GATT Server: FTP WRITE 3
I (23700) GATT Server: FTP WRITE 3
I (25350) LC: Temp : 28 with
I (25350) LC: RSOC : 77 with
I (25350) LC: Voltage : 3.983000 with
I (25350) lc709203: BAT OVER 75
I (25350) LC: Temp BNO : 30 with & CHG 1
I (26970) GATT Server: FTP READ
